// Jest Snapshot v1, https://goo.gl/fbAQLP

exports[`Title should render Title 1`] = `
<View
  pointerEvents="auto"
  style={
    Object {
      "height": 0,
      "opacity": 1,
      "overflow": "hidden",
      "paddingBottom": 20,
      "paddingLeft": 5,
      "width": "100%",
    }
  }
>
  <View
    onLayout={[Function]}
    style={
      Object {
        "position": "absolute",
        "width": "100%",
      }
    }
  >
    <Text>
      Hello content
    </Text>
  </View>
</View>
`;
