// Jest Snapshot v1, https://goo.gl/fbAQLP

exports[`Title should render Title 1`] = `
<View>
  <Text
    style={
      Object {
        "color": "black",
        "fontWeight": "bold",
        "paddingBottom": 12,
        "paddingLeft": 5,
        "paddingTop": 12,
      }
    }
  >
    Hello title
  </Text>
</View>
`;
